// Jest Snapshot v1, https://goo.gl/fbAQLP

exports[`Button Primary smoke-test 1`] = `
<div>
  Hello World
</div>
`;
